[2025-03-26T06:50:44.242295+01:00] api.ERROR: Student validation failed: SQLSTATE[HY000]: General error: 2006 MySQL server has gone away [] []
[2025-03-26T20:34:43.419087+01:00] api.ERROR: Failed to fetch student profile: SQLSTATE[42S22]: Column not found: 1054 Unknown column 's.first_name' in 'field list' [] []
[2025-03-26T20:34:49.591364+01:00] api.ERROR: Failed to fetch student profile: SQLSTATE[42S22]: Column not found: 1054 Unknown column 's.first_name' in 'field list' [] []
[2025-03-26T20:34:53.349341+01:00] api.ERROR: Failed to fetch student profile: SQLSTATE[42S22]: Column not found: 1054 Unknown column 's.first_name' in 'field list' [] []
[2025-03-26T20:34:59.684917+01:00] api.ERROR: Failed to fetch student profile: SQLSTATE[42S22]: Column not found: 1054 Unknown column 's.first_name' in 'field list' [] []
[2025-03-26T20:58:59.299067+01:00] api.ERROR: Failed to fetch student profile: SQLSTATE[42S22]: Column not found: 1054 Unknown column 's.first_name' in 'field list' [] []
[2025-03-26T20:59:06.082477+01:00] api.ERROR: Failed to fetch student profile: SQLSTATE[42S22]: Column not found: 1054 Unknown column 's.first_name' in 'field list' [] []
[2025-03-26T21:01:19.010556+01:00] api.ERROR: Failed to fetch student profile: SQLSTATE[42S22]: Column not found: 1054 Unknown column 's.first_name' in 'field list' [] []
[2025-03-26T21:01:23.979886+01:00] api.ERROR: Failed to fetch student profile: SQLSTATE[42S22]: Column not found: 1054 Unknown column 's.first_name' in 'field list' [] []
[2025-03-26T21:01:59.884152+01:00] api.ERROR: Failed to fetch student profile: SQLSTATE[42S22]: Column not found: 1054 Unknown column 'first_name' in 'field list' [] []
[2025-03-26T21:02:03.565268+01:00] api.ERROR: Failed to fetch student profile: SQLSTATE[42S22]: Column not found: 1054 Unknown column 'first_name' in 'field list' [] []
[2025-03-26T21:04:16.355420+01:00] api.ERROR: Failed to fetch student profile: SQLSTATE[42S22]: Column not found: 1054 Unknown column 's.first_name' in 'field list' [] []
[2025-03-26T21:04:18.693544+01:00] api.ERROR: Failed to fetch student profile: SQLSTATE[42S22]: Column not found: 1054 Unknown column 's.first_name' in 'field list' [] []
[2025-03-26T21:08:11.619127+01:00] api.ERROR: Failed to fetch documents: SQLSTATE[42S22]: Column not found: 1054 Unknown column 'document_name' in 'field list' [] []
[2025-03-26T21:08:11.619524+01:00] api.ERROR: Failed to fetch subjects: SQLSTATE[42S02]: Base table or view not found: 1146 Table 'student_registration_system.student_subjects' doesn't exist [] []
[2025-03-26T21:08:11.630536+01:00] api.ERROR: Failed to fetch payment history: SQLSTATE[42S22]: Column not found: 1054 Unknown column 'status' in 'field list' [] []
[2025-03-26T21:08:12.677738+01:00] api.ERROR: Failed to fetch payment history: SQLSTATE[42S22]: Column not found: 1054 Unknown column 'status' in 'field list' [] []
[2025-03-26T21:08:12.678468+01:00] api.ERROR: Failed to fetch subjects: SQLSTATE[42S02]: Base table or view not found: 1146 Table 'student_registration_system.student_subjects' doesn't exist [] []
[2025-03-26T21:08:12.678924+01:00] api.ERROR: Failed to fetch documents: SQLSTATE[42S22]: Column not found: 1054 Unknown column 'document_name' in 'field list' [] []
[2025-03-26T21:08:14.734372+01:00] api.ERROR: Failed to fetch payment history: SQLSTATE[42S22]: Column not found: 1054 Unknown column 'status' in 'field list' [] []
[2025-03-26T21:08:14.734917+01:00] api.ERROR: Failed to fetch documents: SQLSTATE[42S22]: Column not found: 1054 Unknown column 'document_name' in 'field list' [] []
[2025-03-26T21:08:14.734718+01:00] api.ERROR: Failed to fetch subjects: SQLSTATE[42S02]: Base table or view not found: 1146 Table 'student_registration_system.student_subjects' doesn't exist [] []
[2025-03-26T21:08:18.769773+01:00] api.ERROR: Failed to fetch payment history: SQLSTATE[42S22]: Column not found: 1054 Unknown column 'status' in 'field list' [] []
[2025-03-26T21:08:18.786332+01:00] api.ERROR: Failed to fetch documents: SQLSTATE[42S22]: Column not found: 1054 Unknown column 'document_name' in 'field list' [] []
[2025-03-26T21:08:18.786892+01:00] api.ERROR: Failed to fetch subjects: SQLSTATE[42S02]: Base table or view not found: 1146 Table 'student_registration_system.student_subjects' doesn't exist [] []
[2025-03-26T21:08:52.338510+01:00] api.ERROR: Failed to fetch payment history: SQLSTATE[42S22]: Column not found: 1054 Unknown column 'status' in 'field list' [] []
[2025-03-26T21:08:52.339058+01:00] api.ERROR: Failed to fetch documents: SQLSTATE[42S22]: Column not found: 1054 Unknown column 'document_name' in 'field list' [] []
[2025-03-26T21:08:52.339149+01:00] api.ERROR: Failed to fetch subjects: SQLSTATE[42S02]: Base table or view not found: 1146 Table 'student_registration_system.student_subjects' doesn't exist [] []
[2025-03-26T21:08:53.377787+01:00] api.ERROR: Failed to fetch subjects: SQLSTATE[42S02]: Base table or view not found: 1146 Table 'student_registration_system.student_subjects' doesn't exist [] []
[2025-03-26T21:08:53.394121+01:00] api.ERROR: Failed to fetch documents: SQLSTATE[42S22]: Column not found: 1054 Unknown column 'document_name' in 'field list' [] []
[2025-03-26T21:08:53.394181+01:00] api.ERROR: Failed to fetch payment history: SQLSTATE[42S22]: Column not found: 1054 Unknown column 'status' in 'field list' [] []
[2025-03-26T21:08:55.400566+01:00] api.ERROR: Failed to fetch subjects: SQLSTATE[42S02]: Base table or view not found: 1146 Table 'student_registration_system.student_subjects' doesn't exist [] []
[2025-03-26T21:08:55.441039+01:00] api.ERROR: Failed to fetch payment history: SQLSTATE[42S22]: Column not found: 1054 Unknown column 'status' in 'field list' [] []
[2025-03-26T21:08:55.441137+01:00] api.ERROR: Failed to fetch documents: SQLSTATE[42S22]: Column not found: 1054 Unknown column 'document_name' in 'field list' [] []
[2025-03-26T21:08:59.487403+01:00] api.ERROR: Failed to fetch subjects: SQLSTATE[42S02]: Base table or view not found: 1146 Table 'student_registration_system.student_subjects' doesn't exist [] []
[2025-03-26T21:08:59.505507+01:00] api.ERROR: Failed to fetch documents: SQLSTATE[42S22]: Column not found: 1054 Unknown column 'document_name' in 'field list' [] []
[2025-03-26T21:08:59.533848+01:00] api.ERROR: Failed to fetch payment history: SQLSTATE[42S22]: Column not found: 1054 Unknown column 'status' in 'field list' [] []
[2025-03-26T21:09:00.755768+01:00] api.ERROR: Failed to fetch payment history: SQLSTATE[42S22]: Column not found: 1054 Unknown column 'status' in 'field list' [] []
[2025-03-26T21:09:00.756451+01:00] api.ERROR: Failed to fetch subjects: SQLSTATE[42S02]: Base table or view not found: 1146 Table 'student_registration_system.student_subjects' doesn't exist [] []
[2025-03-26T21:09:00.773890+01:00] api.ERROR: Failed to fetch documents: SQLSTATE[42S22]: Column not found: 1054 Unknown column 'document_name' in 'field list' [] []
[2025-03-26T21:09:01.776606+01:00] api.ERROR: Failed to fetch payment history: SQLSTATE[42S22]: Column not found: 1054 Unknown column 'status' in 'field list' [] []
[2025-03-26T21:09:01.785909+01:00] api.ERROR: Failed to fetch subjects: SQLSTATE[42S02]: Base table or view not found: 1146 Table 'student_registration_system.student_subjects' doesn't exist [] []
[2025-03-26T21:09:01.801976+01:00] api.ERROR: Failed to fetch documents: SQLSTATE[42S22]: Column not found: 1054 Unknown column 'document_name' in 'field list' [] []
[2025-03-26T21:09:03.809056+01:00] api.ERROR: Failed to fetch payment history: SQLSTATE[42S22]: Column not found: 1054 Unknown column 'status' in 'field list' [] []
[2025-03-26T21:09:03.818476+01:00] api.ERROR: Failed to fetch documents: SQLSTATE[42S22]: Column not found: 1054 Unknown column 'document_name' in 'field list' [] []
[2025-03-26T21:09:03.830186+01:00] api.ERROR: Failed to fetch subjects: SQLSTATE[42S02]: Base table or view not found: 1146 Table 'student_registration_system.student_subjects' doesn't exist [] []
[2025-03-26T21:09:07.861009+01:00] api.ERROR: Failed to fetch payment history: SQLSTATE[42S22]: Column not found: 1054 Unknown column 'status' in 'field list' [] []
[2025-03-26T21:09:07.875859+01:00] api.ERROR: Failed to fetch documents: SQLSTATE[42S22]: Column not found: 1054 Unknown column 'document_name' in 'field list' [] []
[2025-03-26T21:09:07.889132+01:00] api.ERROR: Failed to fetch subjects: SQLSTATE[42S02]: Base table or view not found: 1146 Table 'student_registration_system.student_subjects' doesn't exist [] []
[2025-03-26T21:31:23.126604+01:00] api.ERROR: Failed to fetch documents: SQLSTATE[42S22]: Column not found: 1054 Unknown column 'document_name' in 'field list' [] []
[2025-03-26T21:31:23.139029+01:00] api.ERROR: Failed to fetch subjects: SQLSTATE[42S02]: Base table or view not found: 1146 Table 'student_registration_system.student_subjects' doesn't exist [] []
[2025-03-26T21:31:24.143363+01:00] api.ERROR: Failed to fetch documents: SQLSTATE[42S22]: Column not found: 1054 Unknown column 'document_name' in 'field list' [] []
[2025-03-26T21:31:24.178834+01:00] api.ERROR: Failed to fetch subjects: SQLSTATE[42S02]: Base table or view not found: 1146 Table 'student_registration_system.student_subjects' doesn't exist [] []
[2025-03-26T21:31:26.174238+01:00] api.ERROR: Failed to fetch documents: SQLSTATE[42S22]: Column not found: 1054 Unknown column 'document_name' in 'field list' [] []
[2025-03-26T21:31:26.209865+01:00] api.ERROR: Failed to fetch subjects: SQLSTATE[42S02]: Base table or view not found: 1146 Table 'student_registration_system.student_subjects' doesn't exist [] []
[2025-03-26T21:31:30.218656+01:00] api.ERROR: Failed to fetch documents: SQLSTATE[42S22]: Column not found: 1054 Unknown column 'document_name' in 'field list' [] []
[2025-03-26T21:31:30.250174+01:00] api.ERROR: Failed to fetch subjects: SQLSTATE[42S02]: Base table or view not found: 1146 Table 'student_registration_system.student_subjects' doesn't exist [] []
[2025-03-26T21:31:54.649705+01:00] api.ERROR: Failed to fetch documents: SQLSTATE[42S22]: Column not found: 1054 Unknown column 'document_name' in 'field list' [] []
[2025-03-26T21:31:54.675256+01:00] api.ERROR: Failed to fetch subjects: SQLSTATE[42S02]: Base table or view not found: 1146 Table 'student_registration_system.student_subjects' doesn't exist [] []
[2025-03-26T21:31:55.691558+01:00] api.ERROR: Failed to fetch documents: SQLSTATE[42S22]: Column not found: 1054 Unknown column 'document_name' in 'field list' [] []
[2025-03-26T21:31:55.717406+01:00] api.ERROR: Failed to fetch subjects: SQLSTATE[42S02]: Base table or view not found: 1146 Table 'student_registration_system.student_subjects' doesn't exist [] []
[2025-03-26T21:31:57.740973+01:00] api.ERROR: Failed to fetch documents: SQLSTATE[42S22]: Column not found: 1054 Unknown column 'document_name' in 'field list' [] []
[2025-03-26T21:31:57.744924+01:00] api.ERROR: Failed to fetch subjects: SQLSTATE[42S02]: Base table or view not found: 1146 Table 'student_registration_system.student_subjects' doesn't exist [] []
[2025-03-26T21:32:01.793553+01:00] api.ERROR: Failed to fetch subjects: SQLSTATE[42S02]: Base table or view not found: 1146 Table 'student_registration_system.student_subjects' doesn't exist [] []
[2025-03-26T21:32:01.808055+01:00] api.ERROR: Failed to fetch documents: SQLSTATE[42S22]: Column not found: 1054 Unknown column 'document_name' in 'field list' [] []
[2025-03-26T21:32:41.596705+01:00] api.ERROR: Failed to fetch subjects: SQLSTATE[42S02]: Base table or view not found: 1146 Table 'student_registration_system.student_subjects' doesn't exist [] []
[2025-03-26T21:32:41.621027+01:00] api.ERROR: Failed to fetch documents: SQLSTATE[42S22]: Column not found: 1054 Unknown column 'document_name' in 'field list' [] []
[2025-03-26T21:32:42.636414+01:00] api.ERROR: Failed to fetch subjects: SQLSTATE[42S02]: Base table or view not found: 1146 Table 'student_registration_system.student_subjects' doesn't exist [] []
[2025-03-26T21:32:42.651086+01:00] api.ERROR: Failed to fetch documents: SQLSTATE[42S22]: Column not found: 1054 Unknown column 'document_name' in 'field list' [] []
[2025-03-26T21:32:44.687304+01:00] api.ERROR: Failed to fetch subjects: SQLSTATE[42S02]: Base table or view not found: 1146 Table 'student_registration_system.student_subjects' doesn't exist [] []
[2025-03-26T21:32:44.698994+01:00] api.ERROR: Failed to fetch documents: SQLSTATE[42S22]: Column not found: 1054 Unknown column 'document_name' in 'field list' [] []
[2025-03-26T21:32:48.748786+01:00] api.ERROR: Failed to fetch documents: SQLSTATE[42S22]: Column not found: 1054 Unknown column 'document_name' in 'field list' [] []
[2025-03-26T21:32:48.770738+01:00] api.ERROR: Failed to fetch subjects: SQLSTATE[42S02]: Base table or view not found: 1146 Table 'student_registration_system.student_subjects' doesn't exist [] []
[2025-03-26T21:33:25.733583+01:00] api.ERROR: Failed to fetch documents: SQLSTATE[42S22]: Column not found: 1054 Unknown column 'document_name' in 'field list' [] []
[2025-03-26T21:33:25.750033+01:00] api.ERROR: Failed to fetch subjects: SQLSTATE[42S02]: Base table or view not found: 1146 Table 'student_registration_system.student_subjects' doesn't exist [] []
[2025-03-26T21:35:09.268175+01:00] api.ERROR: Failed to fetch student subjects: SQLSTATE[42S02]: Base table or view not found: 1146 Table 'student_registration_system.student_subjects' doesn't exist [] []
[2025-03-26T21:35:09.270200+01:00] api.ERROR: Failed to fetch documents: SQLSTATE[42S22]: Column not found: 1054 Unknown column 'document_name' in 'field list' [] []
[2025-03-26T21:35:11.291307+01:00] api.ERROR: Failed to fetch documents: SQLSTATE[42S22]: Column not found: 1054 Unknown column 'document_name' in 'field list' [] []
[2025-03-26T21:35:11.317246+01:00] api.ERROR: Failed to fetch student subjects: SQLSTATE[42S02]: Base table or view not found: 1146 Table 'student_registration_system.student_subjects' doesn't exist [] []
[2025-03-26T21:35:15.366777+01:00] api.ERROR: Failed to fetch documents: SQLSTATE[42S22]: Column not found: 1054 Unknown column 'document_name' in 'field list' [] []
[2025-03-26T21:35:15.379544+01:00] api.ERROR: Failed to fetch student subjects: SQLSTATE[42S02]: Base table or view not found: 1146 Table 'student_registration_system.student_subjects' doesn't exist [] []
[2025-03-26T21:35:34.475636+01:00] api.ERROR: Failed to save document: SQLSTATE[42S22]: Column not found: 1054 Unknown column 'document_name' in 'field list' [] []
[2025-03-27T06:59:37.007893+01:00] api.ERROR: Failed to fetch documents: SQLSTATE[42S22]: Column not found: 1054 Unknown column 'document_name' in 'field list' [] []
.student_subjects' doesn't exist [] []
[2025-03-27T07:19:51.118649+01:00] api.ERROR: Failed to fetch documents: SQLSTATE[42S22]: Column not found: 1054 Unknown column 'document_name' in 'field list' [] []
[2025-03-27T07:19:52.142250+01:00] api.ERROR: Failed to fetch documents: SQLSTATE[42S22]: Column not found: 1054 Unknown column 'document_name' in 'field list' [] []
[2025-03-27T07:19:54.175117+01:00] api.ERROR: Failed to fetch documents: SQLSTATE[42S22]: Column not found: 1054 Unknown column 'document_name' in 'field list' [] []
[2025-03-27T07:21:39.322403+01:00] api.ERROR: Failed to fetch documents: SQLSTATE[42S22]: Column not found: 1054 Unknown column 'document_name' in 'field list' [] []
[2025-03-27T07:21:42.498604+01:00] api.ERROR: Failed to fetch documents: SQLSTATE[42S22]: Column not found: 1054 Unknown column 'document_name' in 'field list' [] []
[2025-03-27T07:21:43.567830+01:00] api.ERROR: Failed to fetch documents: SQLSTATE[42S22]: Column not found: 1054 Unknown column 'document_name' in 'field list' [] []
[2025-03-27T07:21:45.632688+01:00] api.ERROR: Failed to fetch documents: SQLSTATE[42S22]: Column not found: 1054 Unknown column 'document_name' in 'field list' [] []
[2025-03-27T07:21:49.673031+01:00] api.ERROR: Failed to fetch documents: SQLSTATE[42S22]: Column not found: 1054 Unknown column 'document_name' in 'field list' [] []
[2025-03-31T13:07:02.248543+02:00] api.ERROR: Failed to fetch payments: SQLSTATE[42S22]: Column not found: 1054 Unknown column 'status' in 'field list' [] []
[2025-03-31T13:07:04.336033+02:00] api.ERROR: Failed to fetch payments: SQLSTATE[42S22]: Column not found: 1054 Unknown column 'status' in 'field list' [] []
[2025-03-31T13:07:08.373657+02:00] api.ERROR: Failed to fetch payments: SQLSTATE[42S22]: Column not found: 1054 Unknown column 'status' in 'field list' [] []
[2025-03-31T13:07:48.651081+02:00] api.ERROR: Failed to fetch payments: SQLSTATE[42S22]: Column not found: 1054 Unknown column 'status' in 'field list' [] []
[2025-03-31T13:07:49.693497+02:00] api.ERROR: Failed to fetch payments: SQLSTATE[42S22]: Column not found: 1054 Unknown column 'status' in 'field list' [] []
[2025-03-31T13:07:51.737218+02:00] api.ERROR: Failed to fetch payments: SQLSTATE[42S22]: Column not found: 1054 Unknown column 'status' in 'field list' [] []
[2025-03-31T13:07:55.831685+02:00] api.ERROR: Failed to fetch payments: SQLSTATE[42S22]: Column not found: 1054 Unknown column 'status' in 'field list' [] []
[2025-03-31T13:09:10.169440+02:00] api.ERROR: Failed to fetch payments: SQLSTATE[42S22]: Column not found: 1054 Unknown column 'status' in 'field list' [] []
[2025-03-31T13:09:11.193099+02:00] api.ERROR: Failed to fetch payments: SQLSTATE[42S22]: Column not found: 1054 Unknown column 'status' in 'field list' [] []
[2025-03-31T13:09:13.236729+02:00] api.ERROR: Failed to fetch payments: SQLSTATE[42S22]: Column not found: 1054 Unknown column 'status' in 'field list' [] []
[2025-03-31T13:09:17.295573+02:00] api.ERROR: Failed to fetch payments: SQLSTATE[42S22]: Column not found: 1054 Unknown column 'status' in 'field list' [] []
[2025-03-31T13:10:13.957024+02:00] api.ERROR: Failed to fetch payments: SQLSTATE[42S22]: Column not found: 1054 Unknown column 'status' in 'field list' [] []
[2025-03-31T13:10:51.903994+02:00] api.ERROR: Failed to fetch payments: SQLSTATE[42S22]: Column not found: 1054 Unknown column 'status' in 'field list' [] []
[2025-03-31T13:15:02.404829+02:00] api.ERROR: Failed to fetch payments: SQLSTATE[42S22]: Column not found: 1054 Unknown column 'status' in 'field list' [] []
[2025-03-31T13:15:04.460820+02:00] api.ERROR: Failed to fetch payments: SQLSTATE[42S22]: Column not found: 1054 Unknown column 'status' in 'field list' [] []
[2025-03-31T13:15:08.486796+02:00] api.ERROR: Failed to fetch payments: SQLSTATE[42S22]: Column not found: 1054 Unknown column 'status' in 'field list' [] []
[2025-03-31T13:15:30.473329+02:00] api.ERROR: Failed to fetch payments: SQLSTATE[42S22]: Column not found: 1054 Unknown column 'status' in 'field list' [] []
[2025-03-31T13:15:31.569616+02:00] api.ERROR: Failed to fetch payments: SQLSTATE[42S22]: Column not found: 1054 Unknown column 'status' in 'field list' [] []
[2025-03-31T13:15:33.589952+02:00] api.ERROR: Failed to fetch payments: SQLSTATE[42S22]: Column not found: 1054 Unknown column 'status' in 'field list' [] []
[2025-03-31T13:15:37.640324+02:00] api.ERROR: Failed to fetch payments: SQLSTATE[42S22]: Column not found: 1054 Unknown column 'status' in 'field list' [] []
[2025-03-31T13:15:45.087975+02:00] api.ERROR: Failed to fetch payments: SQLSTATE[42S22]: Column not found: 1054 Unknown column 'status' in 'field list' [] []
[2025-03-31T13:15:52.727500+02:00] api.ERROR: Failed to fetch payments: SQLSTATE[42S22]: Column not found: 1054 Unknown column 'status' in 'field list' [] []
[2025-03-31T13:15:53.748781+02:00] api.ERROR: Failed to fetch payments: SQLSTATE[42S22]: Column not found: 1054 Unknown column 'status' in 'field list' [] []
[2025-03-31T13:37:06.390452+02:00] api.ERROR: Failed to fetch payments: SQLSTATE[42S22]: Column not found: 1054 Unknown column 'status' in 'field list' [] []
[2025-03-31T13:37:22.397079+02:00] api.ERROR: Failed to fetch payments: SQLSTATE[42S22]: Column not found: 1054 Unknown column 'status' in 'field list' [] []
[2025-03-31T13:59:53.689819+02:00] api.ERROR: Razorpay order creation failed: SQLSTATE[42S22]: Column not found: 1054 Unknown column 'program' in 'where clause' [] []
[2025-03-31T13:59:53.689444+02:00] api.ERROR: Razorpay order creation failed: SQLSTATE[42S22]: Column not found: 1054 Unknown column 'program' in 'where clause' [] []
[2025-03-31T14:02:08.238992+02:00] api.ERROR: Razorpay order creation failed: SQLSTATE[42S22]: Column not found: 1054 Unknown column 'program' in 'where clause' [] []
[2025-03-31T14:02:08.240365+02:00] api.ERROR: Razorpay order creation failed: SQLSTATE[42S22]: Column not found: 1054 Unknown column 'program' in 'where clause' [] []
[2025-03-31T14:09:57.706853+02:00] api.ERROR: Razorpay order creation failed: SQLSTATE[42S22]: Column not found: 1054 Unknown column 'program' in 'where clause' [] []
[2025-03-31T14:09:57.708161+02:00] api.ERROR: Razorpay order creation failed: SQLSTATE[42S22]: Column not found: 1054 Unknown column 'program' in 'where clause' [] []
[2025-03-31T14:51:03.482883+02:00] api.ERROR: Razorpay order creation failed: SQLSTATE[42S22]: Column not found: 1054 Unknown column 'program' in 'where clause' [] []
[2025-03-31T14:51:03.482812+02:00] api.ERROR: Razorpay order creation failed: SQLSTATE[42S22]: Column not found: 1054 Unknown column 'program' in 'where clause' [] []
[2025-03-31T14:54:37.862890+02:00] api.ERROR: Failed to fetch payments: SQLSTATE[42S22]: Column not found: 1054 Unknown column 'status' in 'field list' [] []
[2025-03-31T14:54:51.346666+02:00] api.ERROR: Failed to fetch payments: SQLSTATE[42S22]: Column not found: 1054 Unknown column 'status' in 'field list' [] []
[2025-03-31T14:54:53.400247+02:00] api.ERROR: Failed to fetch payments: SQLSTATE[42S22]: Column not found: 1054 Unknown column 'status' in 'field list' [] []
[2025-03-31T14:54:54.441495+02:00] api.ERROR: Failed to fetch payments: SQLSTATE[42S22]: Column not found: 1054 Unknown column 'status' in 'field list' [] []
[2025-03-31T14:55:17.919248+02:00] api.ERROR: Failed to fetch payments: SQLSTATE[42S22]: Column not found: 1054 Unknown column 'status' in 'field list' [] []
[2025-03-31T14:55:19.954730+02:00] api.ERROR: Failed to fetch payments: SQLSTATE[42S22]: Column not found: 1054 Unknown column 'status' in 'field list' [] []
[2025-03-31T14:56:58.733236+02:00] api.ERROR: Failed to fetch payments: SQLSTATE[42S22]: Column not found: 1054 Unknown column 'status' in 'field list' [] []
[2025-03-31T14:57:00.546028+02:00] api.ERROR: Failed to fetch payments: SQLSTATE[42S22]: Column not found: 1054 Unknown column 'status' in 'field list' [] []
[2025-03-31T14:57:01.626985+02:00] api.ERROR: Failed to fetch payments: SQLSTATE[42S22]: Column not found: 1054 Unknown column 'status' in 'field list' [] []
[2025-03-31T14:57:03.685498+02:00] api.ERROR: Failed to fetch payments: SQLSTATE[42S22]: Column not found: 1054 Unknown column 'status' in 'field list' [] []
[2025-03-31T14:57:07.753054+02:00] api.ERROR: Failed to fetch payments: SQLSTATE[42S22]: Column not found: 1054 Unknown column 'status' in 'field list' [] []
[2025-03-31T14:57:40.709833+02:00] api.ERROR: Failed to fetch payments: SQLSTATE[42S22]: Column not found: 1054 Unknown column 'status' in 'field list' [] []
[2025-03-31T14:57:41.763871+02:00] api.ERROR: Failed to fetch payments: SQLSTATE[42S22]: Column not found: 1054 Unknown column 'status' in 'field list' [] []
[2025-03-31T14:57:43.820985+02:00] api.ERROR: Failed to fetch payments: SQLSTATE[42S22]: Column not found: 1054 Unknown column 'status' in 'field list' [] []
[2025-03-31T14:57:47.893656+02:00] api.ERROR: Failed to fetch payments: SQLSTATE[42S22]: Column not found: 1054 Unknown column 'status' in 'field list' [] []
[2025-03-31T14:58:13.232910+02:00] api.ERROR: Failed to fetch payments: SQLSTATE[42S22]: Column not found: 1054 Unknown column 'status' in 'field list' [] []
[2025-03-31T14:59:39.694220+02:00] api.ERROR: Razorpay order creation failed: SQLSTATE[42S22]: Column not found: 1054 Unknown column 'program' in 'where clause' [] []
[2025-03-31T14:59:39.705793+02:00] api.ERROR: Razorpay order creation failed: SQLSTATE[42S22]: Column not found: 1054 Unknown column 'program' in 'where clause' [] []
[2025-03-31T15:03:33.668226+02:00] api.ERROR: Failed to fetch payments: SQLSTATE[42S22]: Column not found: 1054 Unknown column 'status' in 'field list' [] []
[2025-03-31T15:03:33.780790+02:00] api.ERROR: Razorpay order creation failed: SQLSTATE[42S22]: Column not found: 1054 Unknown column 'program' in 'where clause' [] []
[2025-03-31T15:03:33.792062+02:00] api.ERROR: Razorpay order creation failed: SQLSTATE[42S22]: Column not found: 1054 Unknown column 'program' in 'where clause' [] []
[2025-03-31T15:05:21.236676+02:00] api.ERROR: Failed to fetch payments: SQLSTATE[42S22]: Column not found: 1054 Unknown column 'status' in 'field list' [] []
[2025-03-31T15:05:21.297895+02:00] api.ERROR: Razorpay order creation failed: SQLSTATE[42S22]: Column not found: 1054 Unknown column 'program' in 'where clause' [] []
[2025-03-31T15:05:25.294386+02:00] api.ERROR: Failed to fetch payments: SQLSTATE[42S22]: Column not found: 1054 Unknown column 'status' in 'field list' [] []
[2025-03-31T15:05:36.419600+02:00] api.ERROR: Failed to fetch payments: SQLSTATE[42S22]: Column not found: 1054 Unknown column 'status' in 'field list' [] []
[2025-03-31T15:05:55.889588+02:00] api.ERROR: Failed to fetch payments: SQLSTATE[42S22]: Column not found: 1054 Unknown column 'status' in 'field list' [] []
[2025-03-31T15:07:21.923490+02:00] api.ERROR: Failed to fetch payments: SQLSTATE[42S22]: Column not found: 1054 Unknown column 'status' in 'field list' [] []
[2025-03-31T15:07:22.940334+02:00] api.ERROR: Failed to fetch payments: SQLSTATE[42S22]: Column not found: 1054 Unknown column 'status' in 'field list' [] []
[2025-03-31T15:08:19.887503+02:00] api.ERROR: Failed to fetch payments: SQLSTATE[42S22]: Column not found: 1054 Unknown column 'status' in 'field list' [] []
[2025-03-31T15:08:39.453810+02:00] api.ERROR: Failed to fetch payments: SQLSTATE[42S22]: Column not found: 1054 Unknown column 'status' in 'field list' [] []
[2025-03-31T15:09:53.547172+02:00] api.ERROR: Failed to fetch payments: SQLSTATE[42S22]: Column not found: 1054 Unknown column 'status' in 'field list' [] []
[2025-03-31T15:09:53.551039+02:00] api.ERROR: Razorpay order creation failed: SQLSTATE[42S22]: Column not found: 1054 Unknown column 'program' in 'where clause' [] []
[2025-03-31T15:09:53.570636+02:00] api.ERROR: Razorpay order creation failed: SQLSTATE[42S22]: Column not found: 1054 Unknown column 'program' in 'where clause' [] []
[2025-03-31T15:10:08.355949+02:00] api.ERROR: Failed to fetch payments: SQLSTATE[42S22]: Column not found: 1054 Unknown column 'status' in 'field list' [] []
[2025-03-31T15:10:10.400972+02:00] api.ERROR: Failed to fetch payments: SQLSTATE[42S22]: Column not found: 1054 Unknown column 'status' in 'field list' [] []
[2025-03-31T15:10:14.485327+02:00] api.ERROR: Failed to fetch payments: SQLSTATE[42S22]: Column not found: 1054 Unknown column 'status' in 'field list' [] []
[2025-03-31T15:10:21.009320+02:00] api.ERROR: Failed to fetch payments: SQLSTATE[42S22]: Column not found: 1054 Unknown column 'status' in 'field list' [] []
[2025-03-31T15:10:25.651594+02:00] api.ERROR: Failed to fetch payments: SQLSTATE[42S22]: Column not found: 1054 Unknown column 'status' in 'field list' [] []
[2025-03-31T15:10:26.704636+02:00] api.ERROR: Failed to fetch payments: SQLSTATE[42S22]: Column not found: 1054 Unknown column 'status' in 'field list' [] []
[2025-03-31T15:14:08.749117+02:00] api.ERROR: Failed to fetch payments: SQLSTATE[42S22]: Column not found: 1054 Unknown column 'status' in 'field list' [] []
[2025-03-31T15:15:44.799964+02:00] api.ERROR: Failed to fetch payments: SQLSTATE[42S22]: Column not found: 1054 Unknown column 'status' in 'field list' [] []
[2025-03-31T15:49:55.157272+02:00] api.ERROR: Failed to fetch payments: SQLSTATE[42S22]: Column not found: 1054 Unknown column 'status' in 'field list' [] []
[2025-03-31T15:50:09.258335+02:00] api.ERROR: Failed to fetch payments: SQLSTATE[42S22]: Column not found: 1054 Unknown column 'status' in 'field list' [] []
[2025-03-31T22:11:49.571290+02:00] api.ERROR: Failed to fetch payments: SQLSTATE[42S22]: Column not found: 1054 Unknown column 'program' in 'where clause' [] []
[2025-03-31T22:13:58.179015+02:00] api.ERROR: Failed to fetch payments: SQLSTATE[42S22]: Column not found: 1054 Unknown column 'program' in 'where clause' [] []
[2025-03-31T22:21:10.995383+02:00] api.ERROR: Failed to fetch payments: SQLSTATE[42S22]: Column not found: 1054 Unknown column 'program' in 'where clause' [] []
[2025-03-31T22:21:13.509645+02:00] api.ERROR: Failed to fetch payments: SQLSTATE[42S22]: Column not found: 1054 Unknown column 'program' in 'where clause' [] []
[2025-03-31T22:21:14.576925+02:00] api.ERROR: Failed to fetch payments: SQLSTATE[42S22]: Column not found: 1054 Unknown column 'program' in 'where clause' [] []
[2025-03-31T22:21:16.616754+02:00] api.ERROR: Failed to fetch payments: SQLSTATE[42S22]: Column not found: 1054 Unknown column 'program' in 'where clause' [] []
[2025-03-31T22:21:20.650200+02:00] api.ERROR: Failed to fetch payments: SQLSTATE[42S22]: Column not found: 1054 Unknown column 'program' in 'where clause' [] []
[2025-03-31T22:21:28.409657+02:00] api.ERROR: Failed to fetch payments: SQLSTATE[42S22]: Column not found: 1054 Unknown column 'program' in 'where clause' [] []
[2025-03-31T22:21:29.442406+02:00] api.ERROR: Failed to fetch payments: SQLSTATE[42S22]: Column not found: 1054 Unknown column 'program' in 'where clause' [] []
[2025-03-31T22:21:31.489945+02:00] api.ERROR: Failed to fetch payments: SQLSTATE[42S22]: Column not found: 1054 Unknown column 'program' in 'where clause' [] []
[2025-03-31T22:21:35.555567+02:00] api.ERROR: Failed to fetch payments: SQLSTATE[42S22]: Column not found: 1054 Unknown column 'program' in 'where clause' [] []
[2025-04-05T08:27:51.831884+02:00] api.ERROR: Failed to fetch payments: SQLSTATE[42S22]: Column not found: 1054 Unknown column 's.first_name' in 'field list' [] []
[2025-04-05T08:28:47.848966+02:00] api.ERROR: Failed to fetch pending approvals: SQLSTATE[42S22]: Column not found: 1054 Unknown column 's.created_at' in 'field list' [] []
[2025-04-05T08:29:05.709611+02:00] api.ERROR: Failed to fetch pending approvals: SQLSTATE[42S22]: Column not found: 1054 Unknown column 's.created_at' in 'field list' [] []
[2025-04-05T08:29:07.738505+02:00] api.ERROR: Failed to fetch pending approvals: SQLSTATE[42S22]: Column not found: 1054 Unknown column 's.created_at' in 'field list' [] []
[2025-04-05T08:29:11.770343+02:00] api.ERROR: Failed to fetch pending approvals: SQLSTATE[42S22]: Column not found: 1054 Unknown column 's.created_at' in 'field list' [] []
[2025-04-05T08:30:28.680180+02:00] api.ERROR: Failed to fetch pending approvals: SQLSTATE[42S22]: Column not found: 1054 Unknown column 's.created_at' in 'field list' [] []
[2025-04-05T08:31:16.214727+02:00] api.ERROR: Failed to fetch pending approvals: SQLSTATE[42S22]: Column not found: 1054 Unknown column 's.created_at' in 'field list' [] []
[2025-04-05T08:31:18.245435+02:00] api.ERROR: Failed to fetch pending approvals: SQLSTATE[42S22]: Column not found: 1054 Unknown column 's.created_at' in 'field list' [] []
[2025-04-05T08:31:31.653958+02:00] api.ERROR: Failed to fetch payments: SQLSTATE[42S22]: Column not found: 1054 Unknown column 's.first_name' in 'field list' [] []
[2025-04-05T08:31:33.681253+02:00] api.ERROR: Failed to fetch payments: SQLSTATE[42S22]: Column not found: 1054 Unknown column 's.first_name' in 'field list' [] []
[2025-04-05T08:31:37.732415+02:00] api.ERROR: Failed to fetch payments: SQLSTATE[42S22]: Column not found: 1054 Unknown column 's.first_name' in 'field list' [] []
[2025-04-05T08:31:42.019864+02:00] api.ERROR: Failed to fetch pending approvals: SQLSTATE[42S22]: Column not found: 1054 Unknown column 's.created_at' in 'field list' [] []
[2025-04-05T08:31:43.047374+02:00] api.ERROR: Failed to fetch pending approvals: SQLSTATE[42S22]: Column not found: 1054 Unknown column 's.created_at' in 'field list' [] []
[2025-04-05T08:31:45.079372+02:00] api.ERROR: Failed to fetch pending approvals: SQLSTATE[42S22]: Column not found: 1054 Unknown column 's.created_at' in 'field list' [] []
[2025-04-05T08:31:49.122258+02:00] api.ERROR: Failed to fetch pending approvals: SQLSTATE[42S22]: Column not found: 1054 Unknown column 's.created_at' in 'field list' [] []
[2025-04-05T08:33:37.794327+02:00] api.ERROR: Failed to fetch pending approvals: SQLSTATE[42S22]: Column not found: 1054 Unknown column 's.created_at' in 'field list' [] []
[2025-04-05T08:33:45.519093+02:00] api.ERROR: Failed to fetch pending approvals: SQLSTATE[42S22]: Column not found: 1054 Unknown column 's.created_at' in 'field list' [] []
[2025-04-05T08:33:46.596763+02:00] api.ERROR: Failed to fetch pending approvals: SQLSTATE[42S22]: Column not found: 1054 Unknown column 's.created_at' in 'field list' [] []
[2025-04-05T08:33:48.633607+02:00] api.ERROR: Failed to fetch pending approvals: SQLSTATE[42S22]: Column not found: 1054 Unknown column 's.created_at' in 'field list' [] []
[2025-04-05T08:33:52.685238+02:00] api.ERROR: Failed to fetch pending approvals: SQLSTATE[42S22]: Column not found: 1054 Unknown column 's.created_at' in 'field list' [] []
[2025-04-05T08:34:02.293203+02:00] api.ERROR: Failed to fetch pending approvals: SQLSTATE[42S22]: Column not found: 1054 Unknown column 's.created_at' in 'field list' [] []
[2025-04-05T08:34:03.329493+02:00] api.ERROR: Failed to fetch pending approvals: SQLSTATE[42S22]: Column not found: 1054 Unknown column 's.created_at' in 'field list' [] []
[2025-04-05T08:34:05.376599+02:00] api.ERROR: Failed to fetch pending approvals: SQLSTATE[42S22]: Column not found: 1054 Unknown column 's.created_at' in 'field list' [] []
[2025-04-05T08:34:09.420115+02:00] api.ERROR: Failed to fetch pending approvals: SQLSTATE[42S22]: Column not found: 1054 Unknown column 's.created_at' in 'field list' [] []
[2025-04-05T08:34:48.769272+02:00] api.ERROR: Failed to fetch pending approvals: SQLSTATE[42S22]: Column not found: 1054 Unknown column 's.created_at' in 'field list' [] []
[2025-04-05T08:34:49.862937+02:00] api.ERROR: Failed to fetch pending approvals: SQLSTATE[42S22]: Column not found: 1054 Unknown column 's.created_at' in 'field list' [] []
[2025-04-05T08:34:51.900886+02:00] api.ERROR: Failed to fetch pending approvals: SQLSTATE[42S22]: Column not found: 1054 Unknown column 's.created_at' in 'field list' [] []
[2025-04-05T08:34:55.932276+02:00] api.ERROR: Failed to fetch pending approvals: SQLSTATE[42S22]: Column not found: 1054 Unknown column 's.created_at' in 'field list' [] []
[2025-04-05T08:35:11.173563+02:00] api.ERROR: Failed to fetch pending approvals: SQLSTATE[42S22]: Column not found: 1054 Unknown column 's.created_at' in 'field list' [] []
[2025-04-05T08:35:12.221746+02:00] api.ERROR: Failed to fetch pending approvals: SQLSTATE[42S22]: Column not found: 1054 Unknown column 's.created_at' in 'field list' [] []
[2025-04-05T08:35:14.274226+02:00] api.ERROR: Failed to fetch pending approvals: SQLSTATE[42S22]: Column not found: 1054 Unknown column 's.created_at' in 'field list' [] []
[2025-04-05T08:35:18.343089+02:00] api.ERROR: Failed to fetch pending approvals: SQLSTATE[42S22]: Column not found: 1054 Unknown column 's.created_at' in 'field list' [] []
[2025-04-05T08:35:36.153229+02:00] api.ERROR: Failed to fetch pending approvals: SQLSTATE[42S22]: Column not found: 1054 Unknown column 's.created_at' in 'field list' [] []
[2025-04-05T08:35:43.053298+02:00] api.ERROR: Failed to fetch pending approvals: SQLSTATE[42S22]: Column not found: 1054 Unknown column 's.created_at' in 'field list' [] []
[2025-04-05T08:45:32.726106+02:00] api.ERROR: Failed to fetch pending approvals: SQLSTATE[42S22]: Column not found: 1054 Unknown column 'document_name' in 'field list' [] []
[2025-04-05T08:45:33.784824+02:00] api.ERROR: Failed to fetch pending approvals: SQLSTATE[42S22]: Column not found: 1054 Unknown column 'document_name' in 'field list' [] []
[2025-04-05T08:45:35.405613+02:00] api.ERROR: Failed to fetch pending approvals: SQLSTATE[42S22]: Column not found: 1054 Unknown column 'document_name' in 'field list' [] []
[2025-04-05T08:45:36.458488+02:00] api.ERROR: Failed to fetch pending approvals: SQLSTATE[42S22]: Column not found: 1054 Unknown column 'document_name' in 'field list' [] []
[2025-04-05T08:45:38.522646+02:00] api.ERROR: Failed to fetch pending approvals: SQLSTATE[42S22]: Column not found: 1054 Unknown column 'document_name' in 'field list' [] []
[2025-04-05T08:45:42.549058+02:00] api.ERROR: Failed to fetch pending approvals: SQLSTATE[42S22]: Column not found: 1054 Unknown column 'document_name' in 'field list' [] []
[2025-04-05T08:45:51.640932+02:00] api.ERROR: Failed to fetch pending approvals: SQLSTATE[42S22]: Column not found: 1054 Unknown column 'document_name' in 'field list' [] []
[2025-04-05T09:41:57.202302+02:00] api.ERROR: Failed to fetch documents: SQLSTATE[42S22]: Column not found: 1054 Unknown column 's.first_name' in 'field list' [] []
[2025-04-05T09:41:58.276859+02:00] api.ERROR: Failed to fetch documents: SQLSTATE[42S22]: Column not found: 1054 Unknown column 's.first_name' in 'field list' [] []
[2025-04-05T09:42:00.325872+02:00] api.ERROR: Failed to fetch documents: SQLSTATE[42S22]: Column not found: 1054 Unknown column 's.first_name' in 'field list' [] []
[2025-04-05T09:42:04.391497+02:00] api.ERROR: Failed to fetch documents: SQLSTATE[42S22]: Column not found: 1054 Unknown column 's.first_name' in 'field list' [] []
[2025-04-05T09:42:08.055528+02:00] api.ERROR: Failed to fetch documents: SQLSTATE[42S22]: Column not found: 1054 Unknown column 's.first_name' in 'field list' [] []
[2025-04-05T09:42:09.082075+02:00] api.ERROR: Failed to fetch documents: SQLSTATE[42S22]: Column not found: 1054 Unknown column 's.first_name' in 'field list' [] []
[2025-04-05T09:42:33.166233+02:00] api.ERROR: Failed to fetch documents: SQLSTATE[42S22]: Column not found: 1054 Unknown column 's.first_name' in 'field list' [] []
[2025-04-05T09:51:32.940747+02:00] api.ERROR: Failed to fetch documents: SQLSTATE[42S22]: Column not found: 1054 Unknown column 's.first_name' in 'field list' [] []
[2025-04-05T09:51:33.988163+02:00] api.ERROR: Failed to fetch documents: SQLSTATE[42S22]: Column not found: 1054 Unknown column 's.first_name' in 'field list' [] []
[2025-04-05T09:51:36.037141+02:00] api.ERROR: Failed to fetch documents: SQLSTATE[42S22]: Column not found: 1054 Unknown column 's.first_name' in 'field list' [] []
[2025-04-05T09:51:40.098317+02:00] api.ERROR: Failed to fetch documents: SQLSTATE[42S22]: Column not found: 1054 Unknown column 's.first_name' in 'field list' [] []
[2025-04-05T09:52:05.144477+02:00] api.ERROR: Failed to fetch documents: SQLSTATE[42S22]: Column not found: 1054 Unknown column 's.first_name' in 'field list' [] []
[2025-04-05T23:01:02.524315+02:00] api.ERROR: Failed to fetch subjects: SQLSTATE[42S22]: Column not found: 1054 Unknown column 'ss.valid_from' in 'where clause' [] []
[2025-04-05T23:01:03.634483+02:00] api.ERROR: Failed to fetch subjects: SQLSTATE[42S22]: Column not found: 1054 Unknown column 'ss.valid_from' in 'where clause' [] []
[2025-04-05T23:01:05.664491+02:00] api.ERROR: Failed to fetch subjects: SQLSTATE[42S22]: Column not found: 1054 Unknown column 'ss.valid_from' in 'where clause' [] []
[2025-04-05T23:01:09.699598+02:00] api.ERROR: Failed to fetch subjects: SQLSTATE[42S22]: Column not found: 1054 Unknown column 'ss.valid_from' in 'where clause' [] []
[2025-04-05T23:02:25.676668+02:00] api.ERROR: Failed to fetch subjects: SQLSTATE[42S22]: Column not found: 1054 Unknown column 'ss.valid_from' in 'where clause' [] []
[2025-04-05T23:02:26.739576+02:00] api.ERROR: Failed to fetch subjects: SQLSTATE[42S22]: Column not found: 1054 Unknown column 'ss.valid_from' in 'where clause' [] []
[2025-04-05T23:02:28.787573+02:00] api.ERROR: Failed to fetch subjects: SQLSTATE[42S22]: Column not found: 1054 Unknown column 'ss.valid_from' in 'where clause' [] []
[2025-04-05T23:02:32.878480+02:00] api.ERROR: Failed to fetch subjects: SQLSTATE[42S22]: Column not found: 1054 Unknown column 'ss.valid_from' in 'where clause' [] []
[2025-04-05T23:03:46.114290+02:00] api.ERROR: Failed to fetch subjects: SQLSTATE[42S22]: Column not found: 1054 Unknown column 'ss.valid_from' in 'where clause' [] []
[2025-04-05T23:03:47.147545+02:00] api.ERROR: Failed to fetch subjects: SQLSTATE[42S22]: Column not found: 1054 Unknown column 'ss.valid_from' in 'where clause' [] []
[2025-04-05T23:03:49.208051+02:00] api.ERROR: Failed to fetch subjects: SQLSTATE[42S22]: Column not found: 1054 Unknown column 'ss.valid_from' in 'where clause' [] []
[2025-04-05T23:03:53.302674+02:00] api.ERROR: Failed to fetch subjects: SQLSTATE[42S22]: Column not found: 1054 Unknown column 'ss.valid_from' in 'where clause' [] []
[2025-04-05T23:04:34.165136+02:00] api.ERROR: Failed to fetch subjects: SQLSTATE[42S22]: Column not found: 1054 Unknown column 'ss.valid_from' in 'where clause' [] []
[2025-04-05T23:04:35.210086+02:00] api.ERROR: Failed to fetch subjects: SQLSTATE[42S22]: Column not found: 1054 Unknown column 'ss.valid_from' in 'where clause' [] []
[2025-04-05T23:04:37.270469+02:00] api.ERROR: Failed to fetch subjects: SQLSTATE[42S22]: Column not found: 1054 Unknown column 'ss.valid_from' in 'where clause' [] []
[2025-04-05T23:09:43.095033+02:00] api.ERROR: Failed to fetch subjects: SQLSTATE[42S22]: Column not found: 1054 Unknown column 'ss.valid_from' in 'where clause' [] []
[2025-04-05T23:09:44.124221+02:00] api.ERROR: Failed to fetch subjects: SQLSTATE[42S22]: Column not found: 1054 Unknown column 'ss.valid_from' in 'where clause' [] []
[2025-04-05T23:09:46.177793+02:00] api.ERROR: Failed to fetch subjects: SQLSTATE[42S22]: Column not found: 1054 Unknown column 'ss.valid_from' in 'where clause' [] []
[2025-04-05T23:14:19.241063+02:00] api.ERROR: Failed to fetch subjects: SQLSTATE[42S22]: Column not found: 1054 Unknown column 'ss.valid_from' in 'where clause' [] []
[2025-04-05T23:14:20.299196+02:00] api.ERROR: Failed to fetch subjects: SQLSTATE[42S22]: Column not found: 1054 Unknown column 'ss.valid_from' in 'where clause' [] []
[2025-04-05T23:14:22.351287+02:00] api.ERROR: Failed to fetch subjects: SQLSTATE[42S22]: Column not found: 1054 Unknown column 'ss.valid_from' in 'where clause' [] []
[2025-04-05T23:14:26.436825+02:00] api.ERROR: Failed to fetch subjects: SQLSTATE[42S22]: Column not found: 1054 Unknown column 'ss.valid_from' in 'where clause' [] []
[2025-04-05T23:15:22.121889+02:00] api.ERROR: Failed to fetch subjects: SQLSTATE[42S22]: Column not found: 1054 Unknown column 'ss.valid_from' in 'where clause' [] []
[2025-04-05T23:15:23.163401+02:00] api.ERROR: Failed to fetch subjects: SQLSTATE[42S22]: Column not found: 1054 Unknown column 'ss.valid_from' in 'where clause' [] []
[2025-04-05T23:15:25.217231+02:00] api.ERROR: Failed to fetch subjects: SQLSTATE[42S22]: Column not found: 1054 Unknown column 'ss.valid_from' in 'where clause' [] []
[2025-04-05T23:15:29.247835+02:00] api.ERROR: Failed to fetch subjects: SQLSTATE[42S22]: Column not found: 1054 Unknown column 'ss.valid_from' in 'where clause' [] []
[2025-04-05T23:16:32.214600+02:00] api.ERROR: Failed to fetch subjects: SQLSTATE[42S22]: Column not found: 1054 Unknown column 'ss.valid_from' in 'where clause' [] []
[2025-04-05T23:16:33.234950+02:00] api.ERROR: Failed to fetch subjects: SQLSTATE[42S22]: Column not found: 1054 Unknown column 'ss.valid_from' in 'where clause' [] []
[2025-04-05T23:16:35.284374+02:00] api.ERROR: Failed to fetch subjects: SQLSTATE[42S22]: Column not found: 1054 Unknown column 'ss.valid_from' in 'where clause' [] []
[2025-04-05T23:16:39.346859+02:00] api.ERROR: Failed to fetch subjects: SQLSTATE[42S22]: Column not found: 1054 Unknown column 'ss.valid_from' in 'where clause' [] []
[2025-04-05T23:16:51.908901+02:00] api.ERROR: Failed to fetch subjects: SQLSTATE[42S22]: Column not found: 1054 Unknown column 'ss.valid_from' in 'where clause' [] []
[2025-04-05T23:16:52.969126+02:00] api.ERROR: Failed to fetch subjects: SQLSTATE[42S22]: Column not found: 1054 Unknown column 'ss.valid_from' in 'where clause' [] []
[2025-04-05T23:16:55.006000+02:00] api.ERROR: Failed to fetch subjects: SQLSTATE[42S22]: Column not found: 1054 Unknown column 'ss.valid_from' in 'where clause' [] []
[2025-04-05T23:16:59.047733+02:00] api.ERROR: Failed to fetch subjects: SQLSTATE[42S22]: Column not found: 1054 Unknown column 'ss.valid_from' in 'where clause' [] []
[2025-04-05T23:18:39.949410+02:00] api.ERROR: Failed to fetch subjects: SQLSTATE[42S22]: Column not found: 1054 Unknown column 'ss.valid_from' in 'where clause' [] []
[2025-04-05T23:18:40.995290+02:00] api.ERROR: Failed to fetch subjects: SQLSTATE[42S22]: Column not found: 1054 Unknown column 'ss.valid_from' in 'where clause' [] []
[2025-04-05T23:18:43.051005+02:00] api.ERROR: Failed to fetch subjects: SQLSTATE[42S22]: Column not found: 1054 Unknown column 'ss.valid_from' in 'where clause' [] []
[2025-04-05T23:18:47.135261+02:00] api.ERROR: Failed to fetch subjects: SQLSTATE[42S22]: Column not found: 1054 Unknown column 'ss.valid_from' in 'where clause' [] []
[2025-04-05T23:26:34.670865+02:00] api.ERROR: Failed to fetch subjects: SQLSTATE[42S22]: Column not found: 1054 Unknown column 'ss.valid_from' in 'where clause' [] []
[2025-04-05T23:27:02.395648+02:00] api.ERROR: Failed to fetch subjects: SQLSTATE[42S22]: Column not found: 1054 Unknown column 's.student_id' in 'on clause' [] []
[2025-04-05T23:32:15.869217+02:00] api.ERROR: Failed to fetch subjects: SQLSTATE[42S22]: Column not found: 1054 Unknown column 's.student_id' in 'on clause' [] []
[2025-04-05T23:32:16.902700+02:00] api.ERROR: Failed to fetch subjects: SQLSTATE[42S22]: Column not found: 1054 Unknown column 's.student_id' in 'on clause' [] []
[2025-04-05T23:32:18.940711+02:00] api.ERROR: Failed to fetch subjects: SQLSTATE[42S22]: Column not found: 1054 Unknown column 's.student_id' in 'on clause' [] []
[2025-04-05T23:32:22.979371+02:00] api.ERROR: Failed to fetch subjects: SQLSTATE[42S22]: Column not found: 1054 Unknown column 's.student_id' in 'on clause' [] []
[2025-04-05T23:34:27.328832+02:00] api.ERROR: Failed to fetch subjects: SQLSTATE[42S22]: Column not found: 1054 Unknown column 's.student_id' in 'on clause' [] []
[2025-04-05T23:34:28.362084+02:00] api.ERROR: Failed to fetch subjects: SQLSTATE[42S22]: Column not found: 1054 Unknown column 's.student_id' in 'on clause' [] []
[2025-04-05T23:34:30.425210+02:00] api.ERROR: Failed to fetch subjects: SQLSTATE[42S22]: Column not found: 1054 Unknown column 's.student_id' in 'on clause' [] []
[2025-04-05T23:34:34.481121+02:00] api.ERROR: Failed to fetch subjects: SQLSTATE[42S22]: Column not found: 1054 Unknown column 's.student_id' in 'on clause' [] []
[2025-04-05T23:49:47.970991+02:00] api.ERROR: Failed to fetch subjects: SQLSTATE[42S22]: Column not found: 1054 Unknown column 's.student_id' in 'on clause' [] []
[2025-04-05T23:49:49.098417+02:00] api.ERROR: Failed to fetch subjects: SQLSTATE[42S22]: Column not found: 1054 Unknown column 's.student_id' in 'on clause' [] []
[2025-04-05T23:49:51.130831+02:00] api.ERROR: Failed to fetch subjects: SQLSTATE[42S22]: Column not found: 1054 Unknown column 's.student_id' in 'on clause' [] []
[2025-04-05T23:49:55.167956+02:00] api.ERROR: Failed to fetch subjects: SQLSTATE[42S22]: Column not found: 1054 Unknown column 's.student_id' in 'on clause' [] []
[2025-04-05T23:50:16.584941+02:00] api.ERROR: Failed to fetch subjects: SQLSTATE[42S22]: Column not found: 1054 Unknown column 's.student_id' in 'on clause' [] []
[2025-04-05T23:50:17.621597+02:00] api.ERROR: Failed to fetch subjects: SQLSTATE[42S22]: Column not found: 1054 Unknown column 's.student_id' in 'on clause' [] []
[2025-04-05T23:56:31.054007+02:00] api.ERROR: Failed to fetch data: SQLSTATE[42S22]: Column not found: 1054 Unknown column 'ss.valid_from' in 'where clause' [] []
[2025-04-06T00:08:44.629142+02:00] api.ERROR: Subject allocation failed: SQLSTATE[42S22]: Column not found: 1054 Unknown column 'valid_from' in 'field list' [] []
[2025-04-06T00:21:12.039988+02:00] api.ERROR: Subject allocation failed: SQLSTATE[23000]: Integrity constraint violation: 1048 Column 'instructor' cannot be null [] []
[2025-04-06T00:30:04.000057+02:00] api.ERROR: Subject allocation failed: SQLSTATE[23000]: Integrity constraint violation: 1048 Column 'schedule' cannot be null [] []
[2025-04-06T00:30:30.162923+02:00] api.ERROR: Subject allocation failed: SQLSTATE[42S22]: Column not found: 1054 Unknown column 'valid_from' in 'field list' [] []
[2025-04-06T00:31:44.964795+02:00] api.ERROR: Subject allocation failed: SQLSTATE[HY093]: Invalid parameter number: number of bound variables does not match number of tokens [] []
[2025-04-06T00:54:24.256968+02:00] api.ERROR: Subject allocation failed: SQLSTATE[23000]: Integrity constraint violation: 1048 Column 'schedule' cannot be null [] []
[2025-04-06T01:02:45.274457+02:00] api.ERROR: Subject allocation failed: SQLSTATE[42S22]: Column not found: 1054 Unknown column 'valid_from' in 'field list' [] []
[2025-04-06T12:52:30.501803+02:00] api.ERROR: Subject allocation failed: SQLSTATE[23000]: Integrity constraint violation: 1048 Column 'schedule' cannot be null [] []
[2025-04-06T13:01:28.374070+02:00] api.ERROR: Subject allocation failed: SQLSTATE[42S22]: Column not found: 1054 Unknown column 'valid_from' in 'field list' [] []
[2025-04-06T13:04:41.506048+02:00] api.ERROR: Subject allocation failed: SQLSTATE[42S22]: Column not found: 1054 Unknown column 'valid_from' in 'field list' [] []
[2025-04-06T17:09:06.302824+02:00] api.ERROR: Subject allocation failed: SQLSTATE[23000]: Integrity constraint violation: 1048 Column 'schedule' cannot be null [] []
[2025-04-06T17:49:19.534984+02:00] api.ERROR: Subject allocation failed: SQLSTATE[23000]: Integrity constraint violation: 1048 Column 'schedule' cannot be null [] []
[2025-04-06T17:51:42.387146+02:00] api.ERROR: Subject allocation failed: SQLSTATE[42S22]: Column not found: 1054 Unknown column 'valid_from' in 'field list' [] []
[2025-04-06T18:15:22.428422+02:00] api.ERROR: Subject allocation failed: SQLSTATE[23000]: Integrity constraint violation: 1048 Column 'schedule' cannot be null [] []
[2025-04-06T18:15:54.946858+02:00] api.ERROR: Subject allocation failed: SQLSTATE[23000]: Integrity constraint violation: 1048 Column 'schedule' cannot be null [] []
[2025-04-07T06:24:21.196181+02:00] api.ERROR: Failed to fetch payments: SQLSTATE[42S22]: Column not found: 1054 Unknown column 's.first_name' in 'field list' [] []
[2025-04-07T06:24:39.027907+02:00] api.ERROR: Failed to fetch payments: SQLSTATE[42S22]: Column not found: 1054 Unknown column 's.first_name' in 'field list' [] []
[2025-04-07T06:34:50.745035+02:00] api.ERROR: Failed to fetch payments: SQLSTATE[42S22]: Column not found: 1054 Unknown column 's.first_name' in 'field list' [] []
[2025-04-07T06:34:54.552262+02:00] api.ERROR: Failed to fetch payments: SQLSTATE[42S22]: Column not found: 1054 Unknown column 's.first_name' in 'field list' [] []
[2025-04-07T06:34:57.373198+02:00] api.ERROR: Failed to fetch payments: SQLSTATE[42S22]: Column not found: 1054 Unknown column 's.first_name' in 'field list' [] []
[2025-04-07T06:35:06.414001+02:00] api.ERROR: Failed to fetch payments: SQLSTATE[42S22]: Column not found: 1054 Unknown column 's.first_name' in 'field list' [] []
[2025-04-07T06:35:08.532713+02:00] api.ERROR: Failed to fetch payments: SQLSTATE[42S22]: Column not found: 1054 Unknown column 's.first_name' in 'field list' [] []
[2025-04-07T06:38:01.990116+02:00] api.ERROR: Failed to fetch payments: SQLSTATE[42S22]: Column not found: 1054 Unknown column 's.first_name' in 'field list' [] []
[2025-04-07T06:39:28.178205+02:00] api.ERROR: Failed to fetch payments: SQLSTATE[42S22]: Column not found: 1054 Unknown column 's.first_name' in 'field list' [] []
[2025-04-09T16:32:42.420453+02:00] api.ERROR: Subject allocation failed: SQLSTATE[42S22]: Column not found: 1054 Unknown column 's.approved' in 'where clause' [] []
[2025-04-09T16:42:05.932631+02:00] api.ERROR: Subject allocation failed: SQLSTATE[42S22]: Column not found: 1054 Unknown column 'a.status' in 'where clause' [] []
[2025-04-10T09:13:44.993072+02:00] api.ERROR: Failed to fetch student profile: SQLSTATE[42S22]: Column not found: 1054 Unknown column 's.semster' in 'field list' [] []
[2025-04-11T09:44:14.487204+02:00] api.ERROR: Failed to fetch students: SQLSTATE[42S22]: Column not found: 1054 Unknown column 'first_name' in 'field list' [] []
[2025-04-11T09:44:14.610198+02:00] api.ERROR: Failed to fetch students: SQLSTATE[42S22]: Column not found: 1054 Unknown column 'first_name' in 'field list' [] []
[2025-04-11T09:48:12.122765+02:00] api.ERROR: Failed to fetch students: SQLSTATE[42S22]: Column not found: 1054 Unknown column 'first_name' in 'field list' [] []
[2025-04-11T10:41:08.135332+02:00] api.ERROR: Notification failed: SMTP Error: Could not connect to SMTP host. Failed to connect to server [] []
[2025-04-11T10:43:13.460685+02:00] api.ERROR: Notification failed: SMTP Error: Could not connect to SMTP host. Failed to connect to server [] []
[2025-04-11T15:55:06.168666+02:00] api.ERROR: Failed to send birthday notification: SQLSTATE[42S22]: Column not found: 1054 Unknown column 'birth_date' in 'field list' [] []
[2025-04-11T15:55:21.843698+02:00] api.ERROR: Failed to send birthday notification: SQLSTATE[42S22]: Column not found: 1054 Unknown column 'birth_date' in 'field list' [] []
[2025-04-13T06:50:19.622030+02:00] api.ERROR: Failed to fetch payments: SQLSTATE[42S22]: Column not found: 1054 Unknown column 'totalFee' in 'field list' [] []
[2025-04-13T06:50:31.445955+02:00] api.ERROR: Failed to fetch payments: SQLSTATE[42S22]: Column not found: 1054 Unknown column 'totalFee' in 'field list' [] []
[2025-04-13T06:50:33.756907+02:00] api.ERROR: Failed to fetch payments: SQLSTATE[42S22]: Column not found: 1054 Unknown column 'totalFee' in 'field list' [] []
[2025-04-13T06:50:38.813813+02:00] api.ERROR: Failed to fetch payments: SQLSTATE[42S22]: Column not found: 1054 Unknown column 'totalFee' in 'field list' [] []
[2025-04-13T06:50:44.818480+02:00] api.ERROR: Failed to fetch payments: SQLSTATE[42S22]: Column not found: 1054 Unknown column 'totalFee' in 'field list' [] []
[2025-04-13T06:51:12.054682+02:00] api.ERROR: Failed to fetch payments: SQLSTATE[42S22]: Column not found: 1054 Unknown column 'totalFee' in 'field list' [] []
[2025-04-13T06:51:22.805145+02:00] api.ERROR: Failed to fetch payments: SQLSTATE[42S22]: Column not found: 1054 Unknown column 'totalFee' in 'field list' [] []
[2025-04-13T06:52:05.045306+02:00] api.ERROR: Failed to fetch payments: SQLSTATE[42S22]: Column not found: 1054 Unknown column 'totalFee' in 'field list' [] []
[2025-04-13T06:53:27.301438+02:00] api.ERROR: Failed to fetch payments: SQLSTATE[42S22]: Column not found: 1054 Unknown column 'totalFee' in 'field list' [] []
[2025-04-13T06:56:33.330901+02:00] api.ERROR: Failed to fetch payments: SQLSTATE[42S22]: Column not found: 1054 Unknown column 'totalFee' in 'field list' [] []
[2025-04-13T07:01:51.597347+02:00] api.ERROR: Failed to fetch payments: SQLSTATE[42S22]: Column not found: 1054 Unknown column 'totalFee' in 'field list' [] []
[2025-04-13T07:43:50.509555+02:00] api.ERROR: Failed to fetch payments: SQLSTATE[42S22]: Column not found: 1054 Unknown column 'totalFee' in 'field list' [] []
[2025-04-13T07:48:36.891041+02:00] api.ERROR: Registration failed: SQLSTATE[42S22]: Column not found: 1054 Unknown column 'alternate_phone' in 'field list' [] []
[2025-04-13T07:51:44.632703+02:00] api.ERROR: Registration failed: SQLSTATE[42S22]: Column not found: 1054 Unknown column 'alternate_phone' in 'field list' [] []
[2025-04-13T07:53:08.577467+02:00] api.ERROR: Failed to fetch payments: SQLSTATE[42S22]: Column not found: 1054 Unknown column 'totalFee' in 'field list' [] []
[2025-04-13T08:07:58.381676+02:00] api.ERROR: Failed to fetch payments: SQLSTATE[42S22]: Column not found: 1054 Unknown column 'totalFee' in 'field list' [] []
[2025-04-13T08:14:12.974748+02:00] api.ERROR: Registration failed: SQLSTATE[42S22]: Column not found: 1054 Unknown column 'alternate_phone' in 'field list' [] []
[2025-04-13T08:17:29.491040+02:00] api.ERROR: Failed to fetch payments: SQLSTATE[42S22]: Column not found: 1054 Unknown column 'totalFee' in 'field list' [] []
[2025-04-13T08:29:46.447753+02:00] api.ERROR: Failed to fetch payments: SQLSTATE[42S22]: Column not found: 1054 Unknown column 'totalFee' in 'field list' [] []
[2025-04-13T08:46:18.496861+02:00] api.ERROR: Failed to fetch payments: SQLSTATE[42S22]: Column not found: 1054 Unknown column 'totalFee' in 'field list' [] []
[2025-04-13T08:46:44.918443+02:00] api.ERROR: Failed to fetch payments: SQLSTATE[42S22]: Column not found: 1054 Unknown column 'totalFee' in 'field list' [] []
[2025-04-13T08:47:53.559881+02:00] api.ERROR: Failed to fetch payments: SQLSTATE[42S22]: Column not found: 1054 Unknown column 'totalFee' in 'field list' [] []
[2025-04-13T08:52:10.653655+02:00] api.ERROR: Failed to fetch payments: SQLSTATE[42S22]: Column not found: 1054 Unknown column 'totalFee' in 'field list' [] []
[2025-04-13T09:02:12.705251+02:00] api.ERROR: Failed to fetch payments: SQLSTATE[42S22]: Column not found: 1054 Unknown column 'totalFee' in 'field list' [] []
[2025-04-13T09:02:26.404454+02:00] api.ERROR: Failed to fetch payments: SQLSTATE[42S22]: Column not found: 1054 Unknown column 'totalFee' in 'field list' [] []
[2025-04-13T09:03:04.091350+02:00] api.ERROR: Failed to fetch payments: SQLSTATE[42S22]: Column not found: 1054 Unknown column 'totalFee' in 'field list' [] []
[2025-04-13T09:03:29.338966+02:00] api.ERROR: Failed to fetch payments: SQLSTATE[42S22]: Column not found: 1054 Unknown column 'totalFee' in 'field list' [] []
[2025-04-13T09:08:02.868362+02:00] api.ERROR: Failed to fetch payments: SQLSTATE[42S22]: Column not found: 1054 Unknown column 'totalFee' in 'field list' [] []
[2025-04-13T09:08:05.850471+02:00] api.ERROR: Failed to fetch payments: SQLSTATE[42S22]: Column not found: 1054 Unknown column 'totalFee' in 'field list' [] []
[2025-04-13T09:08:38.497561+02:00] api.ERROR: Failed to fetch payments: SQLSTATE[42S22]: Column not found: 1054 Unknown column 'totalFee' in 'field list' [] []
[2025-04-13T09:08:41.648273+02:00] api.ERROR: Failed to fetch payments: SQLSTATE[42S22]: Column not found: 1054 Unknown column 'totalFee' in 'field list' [] []
[2025-04-13T09:13:27.098215+02:00] api.ERROR: Failed to fetch payments: SQLSTATE[42S22]: Column not found: 1054 Unknown column 'totalFee' in 'field list' [] []
[2025-04-13T09:14:13.910608+02:00] api.ERROR: Failed to fetch payments: SQLSTATE[42S22]: Column not found: 1054 Unknown column 'totalFee' in 'field list' [] []
[2025-04-13T09:14:15.812492+02:00] api.ERROR: Failed to fetch payments: SQLSTATE[42S22]: Column not found: 1054 Unknown column 'totalFee' in 'field list' [] []
[2025-04-13T09:16:01.297634+02:00] api.ERROR: Failed to fetch payments: SQLSTATE[42S22]: Column not found: 1054 Unknown column 'totalFee' in 'field list' [] []
[2025-04-13T09:27:22.342706+02:00] api.ERROR: Failed to fetch payments: SQLSTATE[42S22]: Column not found: 1054 Unknown column 'totalFee' in 'field list' [] []
[2025-04-13T09:27:36.748702+02:00] api.ERROR: Failed to fetch payments: SQLSTATE[42S22]: Column not found: 1054 Unknown column 'totalFee' in 'field list' [] []
[2025-04-13T09:29:48.741721+02:00] api.ERROR: Failed to fetch payments: SQLSTATE[42S22]: Column not found: 1054 Unknown column 'totalFee' in 'field list' [] []
[2025-04-16T17:03:41.835187+02:00] api.ERROR: Failed to fetch final registration data: SQLSTATE[42S22]: Column not found: 1054 Unknown column 'p.qualifications' in 'field list' [] []
[2025-04-16T17:04:01.522469+02:00] api.ERROR: Failed to fetch final registration data: SQLSTATE[42S22]: Column not found: 1054 Unknown column 'p.qualifications' in 'field list' [] []
[2025-04-16T17:05:13.307901+02:00] api.ERROR: Failed to fetch final registration data: SQLSTATE[42S22]: Column not found: 1054 Unknown column 'p.father_occupation' in 'field list' [] []
[2025-04-16T17:06:08.694098+02:00] api.ERROR: Failed to fetch final registration data: SQLSTATE[42S22]: Column not found: 1054 Unknown column 'p.father_occupation' in 'field list' [] []
[2025-04-16T17:06:09.728188+02:00] api.ERROR: Failed to fetch final registration data: SQLSTATE[42S22]: Column not found: 1054 Unknown column 'p.father_occupation' in 'field list' [] []
[2025-04-16T17:06:11.765146+02:00] api.ERROR: Failed to fetch final registration data: SQLSTATE[42S22]: Column not found: 1054 Unknown column 'p.father_occupation' in 'field list' [] []
[2025-04-16T17:06:15.840783+02:00] api.ERROR: Failed to fetch final registration data: SQLSTATE[42S22]: Column not found: 1054 Unknown column 'p.father_occupation' in 'field list' [] []
[2025-04-25T06:18:36.404244+02:00] api.ERROR: Failed to fetch approved students: SQLSTATE[42S22]: Column not found: 1054 Unknown column 's.first_name' in 'field list' [] []
[2025-04-25T06:19:25.739505+02:00] api.ERROR: Failed to fetch approved students: SQLSTATE[42S22]: Column not found: 1054 Unknown column 's.first_name' in 'field list' [] []
[2025-04-25T06:19:48.632158+02:00] api.ERROR: Failed to fetch approved students: SQLSTATE[42S22]: Column not found: 1054 Unknown column 'd.documents_path' in 'field list' [] []
[2025-04-25T06:21:15.126581+02:00] api.ERROR: Failed to fetch approved students: SQLSTATE[42S22]: Column not found: 1054 Unknown column 'd.documents_path' in 'field list' [] []
[2025-04-25T06:22:32.869378+02:00] api.ERROR: Failed to fetch approved students: SQLSTATE[42S22]: Column not found: 1054 Unknown column 'a.status' in 'where clause' [] []
[2025-04-29T21:32:03.231823+02:00] api.ERROR: Failed to update document status: SQLSTATE[42000]: Syntax error or access violation: 1318 Incorrect number of arguments for PROCEDURE student_registration_system.AllocateSubjectsForStudent; expected 2, got 1 [] []
[2025-04-29T21:32:10.065604+02:00] api.ERROR: Failed to update document status: SQLSTATE[42000]: Syntax error or access violation: 1318 Incorrect number of arguments for PROCEDURE student_registration_system.AllocateSubjectsForStudent; expected 2, got 1 [] []
[2025-04-29T21:32:12.462908+02:00] api.ERROR: Failed to update document status: SQLSTATE[42000]: Syntax error or access violation: 1318 Incorrect number of arguments for PROCEDURE student_registration_system.AllocateSubjectsForStudent; expected 2, got 1 [] []
[2025-04-29T21:32:16.591440+02:00] api.ERROR: Failed to update document status: SQLSTATE[42000]: Syntax error or access violation: 1318 Incorrect number of arguments for PROCEDURE student_registration_system.AllocateSubjectsForStudent; expected 2, got 1 [] []
[2025-04-29T21:32:25.129598+02:00] api.ERROR: Failed to update document status: SQLSTATE[42000]: Syntax error or access violation: 1318 Incorrect number of arguments for PROCEDURE student_registration_system.AllocateSubjectsForStudent; expected 2, got 1 [] []
[2025-04-29T21:32:27.522862+02:00] api.ERROR: Failed to update document status: SQLSTATE[42000]: Syntax error or access violation: 1318 Incorrect number of arguments for PROCEDURE student_registration_system.AllocateSubjectsForStudent; expected 2, got 1 [] []
[2025-04-29T21:32:51.986438+02:00] api.ERROR: Failed to update document status: SQLSTATE[42000]: Syntax error or access violation: 1318 Incorrect number of arguments for PROCEDURE student_registration_system.AllocateSubjectsForStudent; expected 2, got 1 [] []
[2025-04-30T08:01:56.014353+02:00] api.ERROR: Failed to update document status: SQLSTATE[42000]: Syntax error or access violation: 1318 Incorrect number of arguments for PROCEDURE student_registration_system.AllocateSubjectsForStudent; expected 2, got 1 [] []
[2025-04-30T08:02:00.484962+02:00] api.ERROR: Failed to update document status: SQLSTATE[42000]: Syntax error or access violation: 1318 Incorrect number of arguments for PROCEDURE student_registration_system.AllocateSubjectsForStudent; expected 2, got 1 [] []
[2025-04-30T08:02:22.824295+02:00] api.ERROR: Failed to update document status: SQLSTATE[42000]: Syntax error or access violation: 1318 Incorrect number of arguments for PROCEDURE student_registration_system.AllocateSubjectsForStudent; expected 2, got 1 [] []
[2025-04-30T08:02:34.349384+02:00] api.ERROR: Failed to update document status: SQLSTATE[42000]: Syntax error or access violation: 1318 Incorrect number of arguments for PROCEDURE student_registration_system.AllocateSubjectsForStudent; expected 2, got 1 [] []
[2025-04-30T15:35:07.380858+02:00] api.ERROR: Failed to update document status: SQLSTATE[42000]: Syntax error or access violation: 1318 Incorrect number of arguments for PROCEDURE student_registration_system.AllocateSubjectsForStudent; expected 2, got 1 [] []
[2025-05-03T05:55:26.320994+02:00] api.ERROR: Failed to fetch approved students: SQLSTATE[42S22]: Column not found: 1054 Unknown column 's.first_name' in 'field list' [] []
[2025-05-03T05:55:27.428792+02:00] api.ERROR: Failed to fetch approved students: SQLSTATE[42S22]: Column not found: 1054 Unknown column 's.first_name' in 'field list' [] []
[2025-05-03T05:55:29.461565+02:00] api.ERROR: Failed to fetch approved students: SQLSTATE[42S22]: Column not found: 1054 Unknown column 's.first_name' in 'field list' [] []
[2025-05-03T05:55:33.509388+02:00] api.ERROR: Failed to fetch approved students: SQLSTATE[42S22]: Column not found: 1054 Unknown column 's.first_name' in 'field list' [] []
[2025-05-03T05:57:18.041176+02:00] api.ERROR: Failed to fetch approved students: SQLSTATE[42S22]: Column not found: 1054 Unknown column 's.first_name' in 'field list' [] []
[2025-05-03T05:57:19.101311+02:00] api.ERROR: Failed to fetch approved students: SQLSTATE[42S22]: Column not found: 1054 Unknown column 's.first_name' in 'field list' [] []
[2025-05-03T05:57:21.131966+02:00] api.ERROR: Failed to fetch approved students: SQLSTATE[42S22]: Column not found: 1054 Unknown column 's.first_name' in 'field list' [] []
[2025-05-03T05:57:25.167678+02:00] api.ERROR: Failed to fetch approved students: SQLSTATE[42S22]: Column not found: 1054 Unknown column 's.first_name' in 'field list' [] []
[2025-05-03T05:58:36.876931+02:00] api.ERROR: Failed to fetch approved students: SQLSTATE[42S22]: Column not found: 1054 Unknown column 's.first_name' in 'field list' [] []
[2025-05-04T11:37:27.632607+02:00] api.ERROR: Failed to update final registration details: SQLSTATE[42S22]: Column not found: 1054 Unknown column 'qualifications' in 'field list' [] []
[2025-05-04T11:38:06.483802+02:00] api.ERROR: Failed to update final registration details: SQLSTATE[42S22]: Column not found: 1054 Unknown column 'qualifications' in 'field list' [] []
[2025-05-04T11:43:15.384213+02:00] api.ERROR: Failed to update final registration details: SQLSTATE[42S22]: Column not found: 1054 Unknown column 'qualifications' in 'field list' [] []
[2025-05-04T11:48:55.378954+02:00] api.ERROR: Failed to update final registration details: SQLSTATE[42S22]: Column not found: 1054 Unknown column 'qualifications' in 'field list' [] []
[2025-05-04T11:49:25.431737+02:00] api.ERROR: Failed to fetch student data: SQLSTATE[42S22]: Column not found: 1054 Unknown column 's.vid_number' in 'field list' [] []
[2025-05-04T11:51:05.525135+02:00] api.ERROR: Failed to fetch student data: SQLSTATE[42S22]: Column not found: 1054 Unknown column 's.vid_number' in 'field list' [] []
[2025-05-04T11:51:12.997497+02:00] api.ERROR: Failed to fetch student data: SQLSTATE[42S22]: Column not found: 1054 Unknown column 's.vid_number' in 'field list' [] []
[2025-05-04T11:55:30.384274+02:00] api.ERROR: Failed to fetch student data: SQLSTATE[42S22]: Column not found: 1054 Unknown column 's.status' in 'field list' [] []
[2025-05-04T11:55:55.774189+02:00] api.ERROR: Failed to fetch student data: SQLSTATE[42S22]: Column not found: 1054 Unknown column 'pi.compulsory_subjects' in 'field list' [] []
[2025-05-04T11:56:38.835803+02:00] api.ERROR: Failed to fetch student data: SQLSTATE[42S22]: Column not found: 1054 Unknown column 'pi.optional_subjects' in 'field list' [] []
[2025-05-05T07:22:43.484226+02:00] api.ERROR: Failed to fetch student data: SQLSTATE[42S22]: Column not found: 1054 Unknown column 'pi.qualifications' in 'field list' [] []
[2025-05-05T07:22:47.603899+02:00] api.ERROR: Failed to fetch student data: SQLSTATE[42S22]: Column not found: 1054 Unknown column 'pi.qualifications' in 'field list' [] []
[2025-05-05T07:22:48.660940+02:00] api.ERROR: Failed to fetch student data: SQLSTATE[42S22]: Column not found: 1054 Unknown column 'pi.qualifications' in 'field list' [] []
[2025-05-05T07:22:50.709659+02:00] api.ERROR: Failed to fetch student data: SQLSTATE[42S22]: Column not found: 1054 Unknown column 'pi.qualifications' in 'field list' [] []
[2025-05-05T07:22:54.788763+02:00] api.ERROR: Failed to fetch student data: SQLSTATE[42S22]: Column not found: 1054 Unknown column 'pi.qualifications' in 'field list' [] []
[2025-05-05T07:23:13.958069+02:00] api.ERROR: Failed to fetch student data: SQLSTATE[42S22]: Column not found: 1054 Unknown column 'pi.qualifications' in 'field list' [] []
[2025-05-05T07:23:15.013839+02:00] api.ERROR: Failed to fetch student data: SQLSTATE[42S22]: Column not found: 1054 Unknown column 'pi.qualifications' in 'field list' [] []
[2025-05-05T07:23:17.080916+02:00] api.ERROR: Failed to fetch student data: SQLSTATE[42S22]: Column not found: 1054 Unknown column 'pi.qualifications' in 'field list' [] []
[2025-05-05T07:23:20.780813+02:00] api.ERROR: Failed to fetch student data: SQLSTATE[42S22]: Column not found: 1054 Unknown column 'pi.qualifications' in 'field list' [] []
[2025-05-05T07:24:05.607114+02:00] api.ERROR: Failed to fetch student data: SQLSTATE[42S22]: Column not found: 1054 Unknown column 'pi.qualifications' in 'field list' [] []
[2025-05-05T07:24:37.697493+02:00] api.ERROR: Failed to fetch student data: SQLSTATE[42S22]: Column not found: 1054 Unknown column 'pi.qualifications' in 'field list' [] []
[2025-05-05T07:24:38.761934+02:00] api.ERROR: Failed to fetch student data: SQLSTATE[42S22]: Column not found: 1054 Unknown column 'pi.qualifications' in 'field list' [] []
[2025-05-05T07:26:57.896014+02:00] api.ERROR: Failed to update final registration details: SQLSTATE[42S22]: Column not found: 1054 Unknown column 'compulsory_subjects' in 'field list' [] []
[2025-05-05T07:28:48.384443+02:00] api.ERROR: Failed to update final registration details: SQLSTATE[42S22]: Column not found: 1054 Unknown column 'optional_subjects' in 'field list' [] []
[2025-05-05T07:29:53.659924+02:00] api.ERROR: Failed to update final registration details: SQLSTATE[42000]: Syntax error or access violation: 1110 Column 'qualification' specified twice [] []
[2025-05-05T07:33:18.255707+02:00] api.ERROR: Failed to fetch student data: SQLSTATE[42S22]: Column not found: 1054 Unknown column 'pi.qualifications' in 'field list' [] []
[2025-05-05T07:33:45.803973+02:00] api.ERROR: Failed to fetch student data: SQLSTATE[42S22]: Column not found: 1054 Unknown column 'pi.compulsory_subjects' in 'field list' [] []
[2025-05-05T07:34:12.934708+02:00] api.ERROR: Failed to fetch student data: SQLSTATE[42S22]: Column not found: 1054 Unknown column 'pi.compulsory_subjects' in 'field list' [] []
[2025-05-05T07:34:13.958726+02:00] api.ERROR: Failed to fetch student data: SQLSTATE[42S22]: Column not found: 1054 Unknown column 'pi.compulsory_subjects' in 'field list' [] []
[2025-05-05T07:34:15.977751+02:00] api.ERROR: Failed to fetch student data: SQLSTATE[42S22]: Column not found: 1054 Unknown column 'pi.compulsory_subjects' in 'field list' [] []
[2025-05-05T07:34:20.021621+02:00] api.ERROR: Failed to fetch student data: SQLSTATE[42S22]: Column not found: 1054 Unknown column 'pi.compulsory_subjects' in 'field list' [] []
[2025-05-05T07:35:11.338888+02:00] api.ERROR: Failed to fetch student data: SQLSTATE[42S22]: Column not found: 1054 Unknown column 'pi.compulsory_subjects' in 'field list' [] []
[2025-05-05T07:35:12.372396+02:00] api.ERROR: Failed to fetch student data: SQLSTATE[42S22]: Column not found: 1054 Unknown column 'pi.compulsory_subjects' in 'field list' [] []
[2025-05-05T07:38:27.884457+02:00] api.ERROR: Failed to fetch student data: SQLSTATE[42S22]: Column not found: 1054 Unknown column 'type' in 'where clause' [] []
[2025-05-05T07:40:04.031143+02:00] api.ERROR: Failed to update final registration details: SQLSTATE[42000]: Syntax error or access violation: 1110 Column 'qualification' specified twice [] []
[2025-05-05T07:46:59.733199+02:00] api.ERROR: Failed to fetch student data: SQLSTATE[42S22]: Column not found: 1054 Unknown column 'type' in 'where clause' [] []
[2025-05-05T07:59:22.446661+02:00] api.ERROR: Failed to fetch student data: SQLSTATE[42S22]: Column not found: 1054 Unknown column 'type' in 'where clause' [] []
[2025-05-15T12:45:37.070926+02:00] api.ERROR: Failed to fetch student data: SQLSTATE[42000]: Syntax error or access violation: 1064 You have an error in your SQL syntax; check the manual that corresponds to your MariaDB server version for the right syntax to use near '.id AS personal_info_id,                 pi.father_name,                 pi...' at line 11 [] []
[2025-05-15T12:45:38.166570+02:00] api.ERROR: Failed to fetch student data: SQLSTATE[42000]: Syntax error or access violation: 1064 You have an error in your SQL syntax; check the manual that corresponds to your MariaDB server version for the right syntax to use near '.id AS personal_info_id,                 pi.father_name,                 pi...' at line 11 [] []
[2025-05-15T12:45:40.221549+02:00] api.ERROR: Failed to fetch student data: SQLSTATE[42000]: Syntax error or access violation: 1064 You have an error in your SQL syntax; check the manual that corresponds to your MariaDB server version for the right syntax to use near '.id AS personal_info_id,                 pi.father_name,                 pi...' at line 11 [] []
[2025-05-15T12:45:44.288971+02:00] api.ERROR: Failed to fetch student data: SQLSTATE[42000]: Syntax error or access violation: 1064 You have an error in your SQL syntax; check the manual that corresponds to your MariaDB server version for the right syntax to use near '.id AS personal_info_id,                 pi.father_name,                 pi...' at line 11 [] []
[2025-05-15T15:41:18.495959+02:00] api.ERROR: Payment submission failed: SQLSTATE[HY000]: General error: 1442 Can't update table 'payments' in stored function/trigger because it is already used by statement which invoked this stored function/trigger [] []
[2025-05-15T15:41:47.187765+02:00] api.ERROR: Payment submission failed: SQLSTATE[HY000]: General error: 1442 Can't update table 'payments' in stored function/trigger because it is already used by statement which invoked this stored function/trigger [] []
[2025-05-15T15:42:30.906330+02:00] api.ERROR: Payment submission failed: SQLSTATE[HY000]: General error: 1442 Can't update table 'payments' in stored function/trigger because it is already used by statement which invoked this stored function/trigger [] []
